SERVER_HANDSHAKE_TRAFFIC_SECRET 324724b3ce331103d2f7bc69eedfc74f22ed82cf32dbc4c8f6b3c2882383da70 fe632a343e4ac5845e510feb07ad17afa0a675232a4b1c7fdae454aaa23d00fc43e059a7d7ae4a20b82fbf9b0d4c6eaf
EXPORTER_SECRET 324724b3ce331103d2f7bc69eedfc74f22ed82cf32dbc4c8f6b3c2882383da70 443a3eddfdc5f9d6380645e845d0aeb9638c87b7ab0026f422d6d622901baae6adacb4f1efe18665da583987bff22349
SERVER_TRAFFIC_SECRET_0 324724b3ce331103d2f7bc69eedfc74f22ed82cf32dbc4c8f6b3c2882383da70 33fa943f4829ab82815f273d45cc40313a249c9a68b20c8484fb95e02413b507de48547b980ec4c5a681356ca2a518c6
CLIENT_HANDSHAKE_TRAFFIC_SECRET 324724b3ce331103d2f7bc69eedfc74f22ed82cf32dbc4c8f6b3c2882383da70 3b7ed3c9856cf60dae37e9eb374cce4860572f2d02dcddbde297c9cd406e7183982a55718503f445c9707da0e31362f6
CLIENT_TRAFFIC_SECRET_0 324724b3ce331103d2f7bc69eedfc74f22ed82cf32dbc4c8f6b3c2882383da70 76029a99580485bb81475bcd6e15f9ad8417c3e1aafe31e94e5f4e890daea463407de970112bf8295d4c8b87e6857b41
SERVER_HANDSHAKE_TRAFFIC_SECRET 77b105218538e0f019b8f077000d762709282827c65eaec537e39d522c10159e 5ee77988bb73a9af5beb5c7ec799f1f370789d3efbe7f79a5098901b3815a97ae846eb62097041dc3c56d609fe7773cd
EXPORTER_SECRET 77b105218538e0f019b8f077000d762709282827c65eaec537e39d522c10159e 6444df9d65348205e46d579f0e2d3b4d1f0c0c018dbbed90a34b6ef25b225f482e6ff5419e4e5c50a489cbc2ab35beb3
SERVER_TRAFFIC_SECRET_0 77b105218538e0f019b8f077000d762709282827c65eaec537e39d522c10159e 595f22f5b622437f3982efe2576dea84a2a016aaa0591396babd98f63da65ce6321850d6dd1a6746e25412eb8a8d2a7a
CLIENT_HANDSHAKE_TRAFFIC_SECRET 77b105218538e0f019b8f077000d762709282827c65eaec537e39d522c10159e 5e5eae6e54a3fe96e92233d326328d72b171272d9bea68359aeff09d43464a8218c368e115d21d888d128446d03b9eff
CLIENT_TRAFFIC_SECRET_0 77b105218538e0f019b8f077000d762709282827c65eaec537e39d522c10159e 269ad811c44325f5f04b95dc7efd9deb5f309b24839768cf19aabcb06864a7e9e50bdbbe7808e566d65ebc8ec723cdd7
SERVER_HANDSHAKE_TRAFFIC_SECRET 1c2d71be3158d7f6e2bcbb873b0b78854ae9bf4aa01fed49c74f470020ef64f2 23e000f90c808c1d07f971b2e8d5991d9b1ded70c25f2e0c568ea2d87af7100d84afd454f108b077e57b7f0063518ae3
EXPORTER_SECRET 1c2d71be3158d7f6e2bcbb873b0b78854ae9bf4aa01fed49c74f470020ef64f2 7fa9849e6ea089d30724f7c6ce9135137ec5da6c9710ce3fa781d8ab04815cf563c35f722d20afb0257c08fa71cacae0
SERVER_TRAFFIC_SECRET_0 1c2d71be3158d7f6e2bcbb873b0b78854ae9bf4aa01fed49c74f470020ef64f2 0ea2e6ac747cf3eefe57b9107e3a31bb6207555b98f79999a1c0b92486a9383f2b12132d2f94bd0666f1a847aa2f03bb
CLIENT_HANDSHAKE_TRAFFIC_SECRET 1c2d71be3158d7f6e2bcbb873b0b78854ae9bf4aa01fed49c74f470020ef64f2 0b33013f861f7ffb3edc4605d888c7ad4e6502b79168fb307d262b23204ab7d45cb4b5b86121d7e1a4ee4a5e5f822e59
CLIENT_TRAFFIC_SECRET_0 1c2d71be3158d7f6e2bcbb873b0b78854ae9bf4aa01fed49c74f470020ef64f2 214432b1ea4538fd742a24580e0f3091ab9d51414e85cd0d051e25189544339926953524ba914537133fbe5bebc89e79
SERVER_HANDSHAKE_TRAFFIC_SECRET c45f39a5948dc1becff5ac84a7b54b03608b4861d86dff17c95c36ceef2727f5 d856c10df059716a856970d43530bb626bd543d5986c19f6e6cfa85b965a57ee6b5f7bc9a41ba10e1c51aeb54e03279f
EXPORTER_SECRET c45f39a5948dc1becff5ac84a7b54b03608b4861d86dff17c95c36ceef2727f5 6dda53c2a00364f172314972602b0713fb748a6f70367297d3672521c4c5cda3b3ce7aba46435a3b91048ef534c5f757
SERVER_TRAFFIC_SECRET_0 c45f39a5948dc1becff5ac84a7b54b03608b4861d86dff17c95c36ceef2727f5 bd1364b68170b9c4ef0d03fad9af4601702acaacd540f3e75e556b8ab76f261d185dfec55f091220ea71b24c134a9ea5
CLIENT_HANDSHAKE_TRAFFIC_SECRET c45f39a5948dc1becff5ac84a7b54b03608b4861d86dff17c95c36ceef2727f5 5bc9280b688d0b32eeb282e1f6f54ca7b598b7dd99d6b930456c3b8264dcb51aa61c76d7bf05b398fb24bccc3572ba85
CLIENT_TRAFFIC_SECRET_0 c45f39a5948dc1becff5ac84a7b54b03608b4861d86dff17c95c36ceef2727f5 cf74f962081f6b701517befe7c78075426abcd43111d29573c18f492dff36c07482f83fdc125035b8480b4860fa0959d
SERVER_HANDSHAKE_TRAFFIC_SECRET 4478e0a0da458f4c2dc8983aa37a4642e46d145cce9c60f91c926be8bd023a90 b540d99d118a7637d354d3beb56f0566b0f018ae5cded342a5bd84da8119cc896fb8cb7bda05e725089a8726f412e131
EXPORTER_SECRET 4478e0a0da458f4c2dc8983aa37a4642e46d145cce9c60f91c926be8bd023a90 9b6804184bd5253696f3778928530f8e3b6dbb3d4b527d9e884c7ce796697dc385f9d639912523fc6109ad5e6e6586bc
SERVER_TRAFFIC_SECRET_0 4478e0a0da458f4c2dc8983aa37a4642e46d145cce9c60f91c926be8bd023a90 5b28abf40b48ab4338d8a42d62dc492cb45098162db81e4727ac10a53294e7c44308d967dc341c1cfecc21f2678bb6ed
CLIENT_HANDSHAKE_TRAFFIC_SECRET 4478e0a0da458f4c2dc8983aa37a4642e46d145cce9c60f91c926be8bd023a90 d886416cff3ad3ac64dffe4d07ef57597b27dca20ab5bedc88335f74c3105ccbf0de4aa943d6adae3d142c4bd0068adb
CLIENT_TRAFFIC_SECRET_0 4478e0a0da458f4c2dc8983aa37a4642e46d145cce9c60f91c926be8bd023a90 7e2f0a8f54ef761dbf712904deac51a507be2c705293e22187677191be0185bbe4ec7dc6eb1b01a9465190b1dd84125b
SERVER_HANDSHAKE_TRAFFIC_SECRET 2dc0526cf6e6a0f13c913b3a0275d6548a9e149724bdd6aa1159bed1bd6cfeee 352968df597fadb7958b5196cdfc77a24abfb6113dd7e326a5d54f7c98825c9196a9903afa422ead65942689cdb3faa1
EXPORTER_SECRET 2dc0526cf6e6a0f13c913b3a0275d6548a9e149724bdd6aa1159bed1bd6cfeee 6086663914420ce31a574c7b041ae401a41570f4d4ea7a5fdf3533d017ae5254002a89860ce3b92417436c0b7d5d36cd
SERVER_TRAFFIC_SECRET_0 2dc0526cf6e6a0f13c913b3a0275d6548a9e149724bdd6aa1159bed1bd6cfeee 61dffa01cb0008ba60a09ab29654ed1d168e3a492091c37414ca96dec7c097e485ed308bc4e07fe237b8fc4211ec6be4
CLIENT_HANDSHAKE_TRAFFIC_SECRET 2dc0526cf6e6a0f13c913b3a0275d6548a9e149724bdd6aa1159bed1bd6cfeee 0b5448ef86ca954691425883405dcdfcdef0df5abccb88ecb7a592899ed811637888891183e5efa739d1c660a6ef1e7a
CLIENT_TRAFFIC_SECRET_0 2dc0526cf6e6a0f13c913b3a0275d6548a9e149724bdd6aa1159bed1bd6cfeee b0838593311918fca31ba9406536109f90dfa06f565cbebdc7f3b39e93a7075a5a81ae203163521d1b394121bfb84dea
CLIENT_RANDOM e848f623034844c16ddb3b06dd7f09bf43b69e3b45be70771fcc96ea62d25a9d 13824f4b718422244e23628a53de85b8bb3a0d1daf7d0af064bb17641b519efb54a85968a841dc35deb5f181934f7eb3
CLIENT_RANDOM 096a61a15a3555725a75408a14df833d74bcb85f10ce98e0d3c7e582b2e028d2 be7b9c0eda5cd64ec2034fdd573725121bfaf9f3de6bbdbabaac822ee799d1172eb5055467db6501398d643c6d8e2dcd
SERVER_HANDSHAKE_TRAFFIC_SECRET 7055b41a373ccfa4c56beb2bfa310e596f0b865e31106a7c772109acbf555fab af5b8cd71ff9cf979070faa8efaa983a3dbdd22b4e9aee11ee92773427112109ee68cee22c95abe4d6e0c99a8a07ee3c
EXPORTER_SECRET 7055b41a373ccfa4c56beb2bfa310e596f0b865e31106a7c772109acbf555fab e0e39d94574a127ac5952d4e91659739e8b762a1a165283c6b9344d2c09b91dd64ec7fe434f0fe43616125eada349d59
SERVER_TRAFFIC_SECRET_0 7055b41a373ccfa4c56beb2bfa310e596f0b865e31106a7c772109acbf555fab 0baad7f5467e9191077529a71fe2b56491de350b1602b7afb51e9b6a128ad536c0f3f859cf1e6291966f941b6c090a90
CLIENT_HANDSHAKE_TRAFFIC_SECRET 7055b41a373ccfa4c56beb2bfa310e596f0b865e31106a7c772109acbf555fab a00b8fd5816322d9d8ce35b3db63a4a2c66e401b5783620d6074cf2c60fd7cf7c1773d047e29bf2b7955695cb430369c
CLIENT_TRAFFIC_SECRET_0 7055b41a373ccfa4c56beb2bfa310e596f0b865e31106a7c772109acbf555fab a5436a3079976af3242c41953876cf30b86a024e25b2b7829e652fa376ec92eaf9711c3c760de6d0c34cb7abf4c08caf
